
Test Name: DM
SubTest Name: INIT
